// Jest Snapshot v1, https://goo.gl/fbAQLP

exports[`renders correctly 1`] = `
<div
  className="mt-5"
>
  <label
    className="block mb-2 text-m font-medium text-gray-900 dark:text-gray-300"
    htmlFor="firstName"
  >
    First Name
  </label>
  <input
    className="border border-gray-300 text-gray-900 text-m rounded-lg block w-full p-2.5 outline-0"
    id="firstName"
    name="firstName"
    onBlur={[Function]}
    onChange={[Function]}
    placeholder="First Name"
    type="text"
  />
</div>
`;
